Godot Engine v4.7.2.stable.official.ed1daf0bf - https://godotengine.org

[AI] 全景天空已加载
[画质] 高：1.5x 超采样 + 8xMSAA + 各向异性 + SSAO/SSIL/SSR + 体积光 + 4级CSM阴影
[AI] 鹈鹕骨架蒙皮已就绪  尺寸 (0.967218, 1.022725, 0.574606)  缩放 x1.27  骨骼 8 根
[AI] 棕榈模型已就绪
[AI] 路灯模型已就绪
[AI] 小屋模型已就绪
[AI] 帆船模型已就绪
[AI] 灌木模型已就绪
[DIAG-HUT] 局部AABB位置=(10.62212, 0.0, -141.9793) 尺寸=(4.214563, 3.400023, 3.958527) 节点位置=(12.7294, 0.0, -140.0) → 世界底部y=0.0
[STRESS] 帧=1000 累计重开=0 子物体=350 障碍=7 鱼=18 场景=306 路灯光=7 分数=200.0 电量=95.8 时段=正午
[DIAG-BUSH] 局部AABB位置=(12.47867, 0.0, -411.7586) 尺寸=(2.979589, 1.430975, 2.866241) 节点位置=(13.96838, 0.0, -410.324) → 世界底部y=0.0
[STRESS] 帧=2000 累计重开=0 子物体=337 障碍=10 鱼=15 场景=290 路灯光=8 分数=488.0 电量=94.9 时段=深夜
[画质] 中：1.0x 原生 + 4xMSAA + SSAO（关 SSIL/SSR/体积光）+ 2级CSM阴影
[AI] 全景天空已加载
[画质] 高：1.5x 超采样 + 8xMSAA + 各向异性 + SSAO/SSIL/SSR + 体积光 + 4级CSM阴影
[AI] 鹈鹕骨架蒙皮已就绪  尺寸 (0.967218, 1.022725, 0.574606)  缩放 x1.27  骨骼 8 根
[AI] 棕榈模型已就绪
[AI] 路灯模型已就绪
[AI] 小屋模型已就绪
[AI] 帆船模型已就绪
[AI] 灌木模型已就绪
[DIAG-BUSH] 局部AABB位置=(7.36412, 0.0, -172.5071) 尺寸=(3.321064, 1.580639, 3.407379) 节点位置=(8.985086, 0.0, -170.8215) → 世界底部y=0.0
[DIAG-HUT] 局部AABB位置=(12.61829, 0.0, -141.086) 尺寸=(2.814197, 2.750294, 2.172028) 节点位置=(14.02539, 0.0, -140.0) → 世界底部y=0.0
[STRESS] 帧=1000 累计重开=1 子物体=324 障碍=8 鱼=15 场景=285 路灯光=7 分数=56.0 电量=97.2 时段=正午
[STRESS] 帧=2000 累计重开=1 子物体=341 障碍=6 鱼=15 场景=302 路灯光=8 分数=140.0 电量=98.2 时段=深夜
[画质] 中：1.0x 原生 + 4xMSAA + SSAO（关 SSIL/SSR/体积光）+ 2级CSM阴影
[AI] 全景天空已加载
[画质] 高：1.5x 超采样 + 8xMSAA + 各向异性 + SSAO/SSIL/SSR + 体积光 + 4级CSM阴影
[AI] 鹈鹕骨架蒙皮已就绪  尺寸 (0.967218, 1.022725, 0.574606)  缩放 x1.27  骨骼 8 根
[AI] 棕榈模型已就绪
[AI] 路灯模型已就绪
[AI] 小屋模型已就绪
[AI] 帆船模型已就绪
[AI] 灌木模型已就绪
[DIAG-HUT] 局部AABB位置=(10.13798, 0.0, -141.9163) 尺寸=(4.310732, 3.58479, 3.832611) 节点位置=(12.29334, 0.0, -140.0) → 世界底部y=0.0
[STRESS] 帧=1000 累计重开=2 子物体=338 障碍=6 鱼=14 场景=301 路灯光=7 分数=61.0 电量=99.7 时段=正午
[DIAG-BUSH] 局部AABB位置=(5.155087, 0.0, -264.9259) 尺寸=(3.296066, 1.567302, 3.380737) 节点位置=(6.847697, 0.0, -263.2142) → 世界底部y=0.0
[STRESS] 帧=2000 累计重开=2 子物体=338 障碍=6 鱼=15 场景=300 路灯光=8 分数=135.0 电量=96.4 时段=深夜
[画质] 中：1.0x 原生 + 4xMSAA + SSAO（关 SSIL/SSR/体积光）+ 2级CSM阴影
[AI] 全景天空已加载
[画质] 高：1.5x 超采样 + 8xMSAA + 各向异性 + SSAO/SSIL/SSR + 体积光 + 4级CSM阴影
[AI] 鹈鹕骨架蒙皮已就绪  尺寸 (0.967218, 1.022725, 0.574606)  缩放 x1.27  骨骼 8 根
[AI] 棕榈模型已就绪
[AI] 路灯模型已就绪
[AI] 小屋模型已就绪
[AI] 帆船模型已就绪
[AI] 灌木模型已就绪
[DIAG-BUSH] 局部AABB位置=(9.074865, 0.0, -39.99079) 尺寸=(3.852206, 1.747112, 3.844578) 节点位置=(11.00731, 0.0, -38.11199) → 世界底部y=0.0
[DIAG-HUT] 局部AABB位置=(9.423168, 0.0, -141.6633) 尺寸=(3.537734, 2.853108, 3.326691) 节点位置=(11.19203, 0.0, -140.0) → 世界底部y=0.0
[STRESS] 帧=1000 累计重开=3 子物体=343 障碍=6 鱼=18 场景=303 路灯光=7 分数=56.0 电量=97.2 时段=正午
[STRESS] 帧=2000 累计重开=3 子物体=354 障碍=7 鱼=18 场景=313 路灯光=8 分数=130.0 电量=94.0 时段=深夜
[画质] 中：1.0x 原生 + 4xMSAA + SSAO（关 SSIL/SSR/体积光）+ 2级CSM阴影
[AI] 全景天空已加载
[画质] 高：1.5x 超采样 + 8xMSAA + 各向异性 + SSAO/SSIL/SSR + 体积光 + 4级CSM阴影
[AI] 鹈鹕骨架蒙皮已就绪  尺寸 (0.967218, 1.022725, 0.574606)  缩放 x1.27  骨骼 8 根
[AI] 棕榈模型已就绪
[AI] 路灯模型已就绪
[AI] 小屋模型已就绪
[AI] 帆船模型已就绪
[AI] 灌木模型已就绪
[DIAG-BUSH] 局部AABB位置=(3.634031, 0.0, -141.7766) 尺寸=(3.639783, 1.693036, 3.543137) 节点位置=(5.551504, 0.0, -140.0257) → 世界底部y=0.0
[DIAG-HUT] 局部AABB位置=(13.12808, 0.0, -141.2054) 尺寸=(2.989909, 2.761542, 2.410812) 节点位置=(14.62304, 0.0, -140.0) → 世界底部y=0.0
[STRESS] 帧=1000 累计重开=4 子物体=332 障碍=6 鱼=15 场景=295 路灯光=7 分数=56.0 电量=97.2 时段=正午
[STRESS] 帧=2000 累计重开=4 子物体=331 障碍=7 鱼=15 场景=293 路灯光=8 分数=130.0 电量=94.0 时段=深夜
[画质] 中：1.0x 原生 + 4xMSAA + SSAO（关 SSIL/SSR/体积光）+ 2级CSM阴影
[AI] 全景天空已加载
[画质] 高：1.5x 超采样 + 8xMSAA + 各向异性 + SSAO/SSIL/SSR + 体积光 + 4级CSM阴影
[AI] 鹈鹕骨架蒙皮已就绪  尺寸 (0.967218, 1.022725, 0.574606)  缩放 x1.27  骨骼 8 根
[AI] 棕榈模型已就绪
[AI] 路灯模型已就绪
[AI] 小屋模型已就绪
[AI] 帆船模型已就绪
[AI] 灌木模型已就绪
[DIAG-BUSH] 局部AABB位置=(11.80797, 0.0, -118.919) 尺寸=(3.130531, 1.470087, 3.035271) 节点位置=(13.30638, 0.0, -117.439) → 世界底部y=0.0
[DIAG-HUT] 局部AABB位置=(12.18522, 0.0, -141.8049) 尺寸=(3.939266, 3.210078, 3.609818) 节点位置=(14.15485, 0.0, -140.0) → 世界底部y=0.0
[STRESS] 帧=1000 累计重开=5 子物体=332 障碍=6 鱼=14 场景=295 路灯光=7 分数=61.0 电量=99.7 时段=正午
[STRESS] 帧=2000 累计重开=5 子物体=347 障碍=7 鱼=15 场景=308 路灯光=8 分数=135.0 电量=96.4 时段=深夜
[画质] 中：1.0x 原生 + 4xMSAA + SSAO（关 SSIL/SSR/体积光）+ 2级CSM阴影
[STRESS] 完成 6 次重开压测，干净退出
