Godot Engine v4.7.2.stable.official.ed1daf0bf - https://godotengine.org

[AI] 全景天空已加载
[画质] 高：1.5x 超采样 + 8xMSAA + 各向异性 + SSAO/SSIL/SSR + 体积光 + 4级CSM阴影
[AI] 鹈鹕骨架蒙皮已就绪  尺寸 (0.967218, 1.022725, 0.574606)  缩放 x1.27  骨骼 8 根
[AI] 棕榈模型已就绪
[AI] 路灯模型已就绪
[AI] 小屋模型已就绪
[AI] 帆船模型已就绪
[AI] 灌木模型已就绪
ERROR: BUG: Unreferenced static string to 0: servers
   at: unref (core/string/string_name.cpp:118)
ERROR: BUG: Unreferenced static string to 0: Physics3DConstraintSolveIslands
   at: unref (core/string/string_name.cpp:118)
ERROR: BUG: Unreferenced static string to 0: Physics3DConstraintSetup
   at: unref (core/string/string_name.cpp:118)
ERROR: BUG: Unreferenced static string to 0: .
   at: unref (core/string/string_name.cpp:118)
ERROR: BUG: Unreferenced static string to 0: use_dynamic_gi
   at: unref (core/string/string_name.cpp:118)
ERROR: BUG: Unreferenced static string to 0: use_in_baked_light
   at: unref (core/string/string_name.cpp:118)
ERROR: BUG: Unreferenced static string to 0: _request_gizmo_for_id
   at: unref (core/string/string_name.cpp:118)
ERROR: BUG: Unreferenced static string to 0: _enter_world
   at: unref (core/string/string_name.cpp:118)
ERROR: BUG: Unreferenced static string to 0: Variant
   at: unref (core/string/string_name.cpp:118)
WARNING: A Thread object is being destroyed without its completion having been realized.
Please call wait_to_finish() on it to ensure correct cleanup.
   at: ~Thread (core/os/thread.cpp:116)
ERROR: 7 RID allocations of type '23NavMeshGeometryParser2D' were leaked at exit.
ERROR: 6 RID allocations of type '23NavMeshGeometryParser3D' were leaked at exit.
ERROR: Pages in use exist at exit in PagedAllocator: N12VariantPools11BucketLargeE
   at: ~PagedAllocator (./core/templates/paged_allocator.h:170)
