Godot Engine v4.7.2.stable.official.ed1daf0bf - https://godotengine.org

[AI] 全景天空已加载
[画质] 高：1.5x 超采样 + 8xMSAA + 各向异性 + SSAO/SSIL/SSR + 体积光 + 4级CSM阴影
[AI] 鹈鹕模型已加载  原始尺寸 (0.967218, 1.022725, 0.574606)  缩放 x1.27
[AI] 棕榈模型已就绪
[AI] 路灯模型已就绪
[AI] 小屋模型已就绪
[AI] 帆船模型已就绪
[AI] 灌木模型已就绪
[DIAG-HUT] 局部AABB位置=(12.3192, 0.0, -141.1568) 尺寸=(3.045482, 3.039094, 2.313599) 节点位置=(13.84194, 0.0, -140.0) → 世界底部y=0.0
[DIAG-BUSH] 局部AABB位置=(8.651498, 0.0, -305.6874) 尺寸=(2.634675, 1.205326, 2.588501) 节点位置=(9.966714, 0.0, -304.4577) → 世界底部y=0.0
[STRESS] 帧=1000 累计重开=0 子物体=352 障碍=7 鱼=15 场景=314 路灯光=9 分数=175.0 电量=91.6 时段=正午
[STRESS] 帧=2000 累计重开=0 子物体=344 障碍=7 鱼=13 场景=303 路灯光=7 分数=477.0 电量=100.0 时段=深夜
[画质] 中：1.0x 原生 + 4xMSAA + SSAO（关 SSIL/SSR/体积光）+ 2级CSM阴影
[AI] 全景天空已加载
[画质] 高：1.5x 超采样 + 8xMSAA + 各向异性 + SSAO/SSIL/SSR + 体积光 + 4级CSM阴影
[AI] 鹈鹕模型已加载  原始尺寸 (0.967218, 1.022725, 0.574606)  缩放 x1.27
[AI] 棕榈模型已就绪
[AI] 路灯模型已就绪
[AI] 小屋模型已就绪
[AI] 帆船模型已就绪
[AI] 灌木模型已就绪
[DIAG-BUSH] 局部AABB位置=(10.01132, 0.0, -98.88715) 尺寸=(3.29566, 1.665454, 3.435852) 节点位置=(11.69258, 0.0, -97.25169) → 世界底部y=0.0
[DIAG-HUT] 局部AABB位置=(12.9572, 0.0, -141.3251) 尺寸=(3.15572, 2.775467, 2.650253) 节点位置=(14.53506, 0.0, -140.0) → 世界底部y=0.0
[STRESS] 帧=1000 累计重开=1 子物体=334 障碍=8 鱼=18 场景=292 路灯光=7 分数=56.0 电量=97.2 时段=正午
[STRESS] 帧=2000 累计重开=1 子物体=337 障碍=10 鱼=18 场景=293 路灯光=8 分数=120.0 电量=94.2 时段=深夜
[画质] 中：1.0x 原生 + 4xMSAA + SSAO（关 SSIL/SSR/体积光）+ 2级CSM阴影
[AI] 全景天空已加载
[画质] 高：1.5x 超采样 + 8xMSAA + 各向异性 + SSAO/SSIL/SSR + 体积光 + 4级CSM阴影
[AI] 鹈鹕模型已加载  原始尺寸 (0.967218, 1.022725, 0.574606)  缩放 x1.27
[AI] 棕榈模型已就绪
[AI] 路灯模型已就绪
[AI] 小屋模型已就绪
[AI] 帆船模型已就绪
[AI] 灌木模型已就绪
[DIAG-HUT] 局部AABB位置=(9.931808, 0.0, -141.2386) 尺寸=(3.117628, 2.933711, 2.477203) 节点位置=(11.49062, 0.0, -140.0) → 世界底部y=0.0
[DIAG-BUSH] 局部AABB位置=(11.24962, 0.0, -208.787) 尺寸=(3.637336, 1.6541, 3.647919) 节点位置=(13.12933, 0.0, -206.9013) → 世界底部y=0.0
[STRESS] 帧=1000 累计重开=2 子物体=338 障碍=6 鱼=17 场景=298 路灯光=7 分数=61.0 电量=99.7 时段=正午
[STRESS] 帧=2000 累计重开=2 子物体=339 障碍=7 鱼=14 场景=299 路灯光=8 分数=143.0 电量=99.7 时段=深夜
[画质] 中：1.0x 原生 + 4xMSAA + SSAO（关 SSIL/SSR/体积光）+ 2级CSM阴影
[AI] 全景天空已加载
[画质] 高：1.5x 超采样 + 8xMSAA + 各向异性 + SSAO/SSIL/SSR + 体积光 + 4级CSM阴影
[AI] 鹈鹕模型已加载  原始尺寸 (0.967218, 1.022725, 0.574606)  缩放 x1.27
[AI] 棕榈模型已就绪
[AI] 路灯模型已就绪
[AI] 小屋模型已就绪
[AI] 帆船模型已就绪
[AI] 灌木模型已就绪
[DIAG-BUSH] 局部AABB位置=(9.10826, 0.0, -34.64766) 尺寸=(2.093614, 1.246735, 1.913349) 节点位置=(10.1611, 0.0, -33.69904) → 世界底部y=0.0
[DIAG-HUT] 局部AABB位置=(11.8752, 0.0, -141.8929) 尺寸=(4.182144, 3.432771, 3.785797) 节点位置=(13.96627, 0.0, -140.0) → 世界底部y=0.0
[STRESS] 帧=1000 累计重开=3 子物体=320 障碍=5 鱼=15 场景=284 路灯光=7 分数=56.0 电量=97.2 时段=正午
[STRESS] 帧=2000 累计重开=3 子物体=333 障碍=6 鱼=15 场景=295 路灯光=8 分数=130.0 电量=98.1 时段=深夜
[画质] 中：1.0x 原生 + 4xMSAA + SSAO（关 SSIL/SSR/体积光）+ 2级CSM阴影
[AI] 全景天空已加载
[画质] 高：1.5x 超采样 + 8xMSAA + 各向异性 + SSAO/SSIL/SSR + 体积光 + 4级CSM阴影
[AI] 鹈鹕模型已加载  原始尺寸 (0.967218, 1.022725, 0.574606)  缩放 x1.27
[AI] 棕榈模型已就绪
[AI] 路灯模型已就绪
[AI] 小屋模型已就绪
[AI] 帆船模型已就绪
[AI] 灌木模型已就绪
[DIAG-HUT] 局部AABB位置=(12.25144, 0.0, -141.3178) 尺寸=(3.229461, 2.938351, 2.635605) 节点位置=(13.86617, 0.0, -140.0) → 世界底部y=0.0
[STRESS] 帧=1000 累计重开=4 子物体=338 障碍=6 鱼=15 场景=301 路灯光=7 分数=56.0 电量=97.2 时段=正午
[DIAG-BUSH] 局部AABB位置=(3.975543, 0.0, -282.4404) 尺寸=(2.776085, 1.625407, 2.546173) 节点位置=(5.451396, 0.0, -281.159) → 世界底部y=0.0
[STRESS] 帧=2000 累计重开=4 子物体=337 障碍=7 鱼=15 场景=299 路灯光=8 分数=130.0 电量=94.0 时段=深夜
[画质] 中：1.0x 原生 + 4xMSAA + SSAO（关 SSIL/SSR/体积光）+ 2级CSM阴影
[AI] 全景天空已加载
[画质] 高：1.5x 超采样 + 8xMSAA + 各向异性 + SSAO/SSIL/SSR + 体积光 + 4级CSM阴影
[AI] 鹈鹕模型已加载  原始尺寸 (0.967218, 1.022725, 0.574606)  缩放 x1.27
[AI] 棕榈模型已就绪
[AI] 路灯模型已就绪
[AI] 小屋模型已就绪
[AI] 帆船模型已就绪
[AI] 灌木模型已就绪
[DIAG-BUSH] 局部AABB位置=(5.574205, 0.0, -103.9502) 尺寸=(3.119414, 1.502487, 2.997986) 节点位置=(7.129617, 0.0, -102.4744) → 世界底部y=0.0
[DIAG-HUT] 局部AABB位置=(10.54419, 0.0, -141.5871) 尺寸=(3.582337, 2.987366, 3.174103) 节点位置=(12.33536, 0.0, -140.0) → 世界底部y=0.0
[STRESS] 帧=1000 累计重开=5 子物体=337 障碍=5 鱼=18 场景=298 路灯光=7 分数=56.0 电量=97.2 时段=正午
[STRESS] 帧=2000 累计重开=5 子物体=339 障碍=6 鱼=14 场景=302 路灯光=8 分数=135.0 电量=99.9 时段=深夜
[画质] 中：1.0x 原生 + 4xMSAA + SSAO（关 SSIL/SSR/体积光）+ 2级CSM阴影
[STRESS] 完成 6 次重开压测，干净退出
